2022-07-17 14:25:02.012  INFO [BEFTN,,] 17008 --- [restartedMain] c.j.t24.rest.api.T24RestApiApplication   : Starting T24RestApiApplication using Java 17.0.2 on DESKTOP-S6A4GQH with PID 17008 (D:\Saif\Projects\MainBEFTNProj\MonolithBeftn\BeftnApi\target\classes started by SAIF MAHMUD PARVEZ in D:\Saif\Projects\MainBEFTNProj\MonolithBeftn\BeftnApi)
2022-07-17 14:25:02.013  INFO [BEFTN,,] 17008 --- [restartedMain] c.j.t24.rest.api.T24RestApiApplication   : No active profile set, falling back to default profiles: default
2022-07-17 14:25:02.387  INFO [BEFTN,,] 17008 --- [restartedMain] .s.d.r.c.RepositoryConfigurationDelegate : Bootstrapping Spring Data JPA repositories in DEFAULT mode.
2022-07-17 14:25:02.423  INFO [BEFTN,,] 17008 --- [restartedMain] .s.d.r.c.RepositoryConfigurationDelegate : Finished Spring Data repository scanning in 36 ms. Found 5 JPA repository interfaces.
2022-07-17 14:25:02.568  INFO [BEFTN,,] 17008 --- [restartedMain] o.s.cloud.context.scope.GenericScope     : BeanFactory id=96ffb179-056a-36d4-877a-1a56523d3a5a
2022-07-17 14:25:02.639  INFO [BEFTN,,] 17008 --- [restartedMain] trationDelegate$BeanPostProcessorChecker : Bean 'org.springframework.security.access.expression.method.DefaultMethodSecurityExpressionHandler@303516ab' of type [org.springframework.security.access.expression.method.DefaultMethodSecurityExpressionHandler] is not eligible for getting processed by all BeanPostProcessors (for example: not eligible for auto-proxying)
2022-07-17 14:25:02.644  INFO [BEFTN,,] 17008 --- [restartedMain] trationDelegate$BeanPostProcessorChecker : Bean 'methodSecurityMetadataSource' of type [org.springframework.security.access.method.DelegatingMethodSecurityMetadataSource] is not eligible for getting processed by all BeanPostProcessors (for example: not eligible for auto-proxying)
2022-07-17 14:25:02.765  INFO [BEFTN,,] 17008 --- [restartedMain] o.s.b.w.embedded.tomcat.TomcatWebServer  : Tomcat initialized with port(s): 8090 (http)
2022-07-17 14:25:02.766  INFO [BEFTN,,] 17008 --- [restartedMain] o.apache.catalina.core.StandardService   : Starting service [Tomcat]
2022-07-17 14:25:02.767  INFO [BEFTN,,] 17008 --- [restartedMain] org.apache.catalina.core.StandardEngine  : Starting Servlet engine: [Apache Tomcat/9.0.48]
2022-07-17 14:25:02.978  INFO [BEFTN,,] 17008 --- [restartedMain] o.a.c.c.C.[Tomcat].[localhost].[/]       : Initializing Spring embedded WebApplicationContext
2022-07-17 14:25:02.979  INFO [BEFTN,,] 17008 --- [restartedMain] w.s.c.ServletWebServerApplicationContext : Root WebApplicationContext: initialization completed in 962 ms
2022-07-17 14:25:03.148  INFO [BEFTN,,] 17008 --- [restartedMain] com.zaxxer.hikari.HikariDataSource       : HikariPool-2 - Starting...
2022-07-17 14:25:03.252  INFO [BEFTN,,] 17008 --- [restartedMain] com.zaxxer.hikari.HikariDataSource       : HikariPool-2 - Start completed.
2022-07-17 14:25:03.257  INFO [BEFTN,,] 17008 --- [restartedMain] o.hibernate.jpa.internal.util.LogHelper  : HHH000204: Processing PersistenceUnitInfo [name: default]
2022-07-17 14:25:03.268  INFO [BEFTN,,] 17008 --- [restartedMain] org.hibernate.dialect.Dialect            : HHH000400: Using dialect: org.hibernate.dialect.Oracle12cDialect
2022-07-17 14:25:03.344  INFO [BEFTN,,] 17008 --- [restartedMain] o.h.e.boot.internal.EnversServiceImpl    : Envers integration enabled? : true
2022-07-17 14:25:03.503  INFO [BEFTN,,] 17008 --- [restartedMain] o.h.e.t.j.p.i.JtaPlatformInitiator       : HHH000490: Using JtaPlatform implementation: [org.hibernate.engine.transaction.jta.platform.internal.NoJtaPlatform]
2022-07-17 14:25:03.505  INFO [BEFTN,,] 17008 --- [restartedMain] j.LocalContainerEntityManagerFactoryBean : Initialized JPA EntityManagerFactory for persistence unit 'default'
2022-07-17 14:25:04.232  WARN [BEFTN,,] 17008 --- [restartedMain] o.s.c.s.a.z.ZipkinAutoConfiguration      : Check result of the [RestTemplateSender{http://172.17.22.63:9411/api/v2/spans}] contains an error [CheckResult{ok=false, error=org.springframework.web.client.ResourceAccessException: I/O error on POST request for "http://172.17.22.63:9411/api/v2/spans": Connect timed out; nested exception is java.net.SocketTimeoutException: Connect timed out}]
2022-07-17 14:25:04.458  WARN [BEFTN,,] 17008 --- [restartedMain] JpaBaseConfiguration$JpaWebConfiguration : spring.jpa.open-in-view is enabled by default. Therefore, database queries may be performed during view rendering. Explicitly configure spring.jpa.open-in-view to disable this warning
2022-07-17 14:25:04.775  INFO [BEFTN,,] 17008 --- [restartedMain] o.s.s.web.DefaultSecurityFilterChain     : Will secure any request with [org.springframework.security.web.context.request.async.WebAsyncManagerIntegrationFilter@22fdaf92, org.springframework.security.web.context.SecurityContextPersistenceFilter@1f0d2396, org.springframework.security.web.header.HeaderWriterFilter@5f74d798, org.springframework.security.web.authentication.logout.LogoutFilter@4694dcd6, com.jbl.t24.rest.api.config.JwtRequestFilter@75fd6cd3, org.springframework.security.web.savedrequest.RequestCacheAwareFilter@a70cbc9, org.springframework.security.web.servletapi.SecurityContextHolderAwareRequestFilter@328200ec, org.springframework.security.web.authentication.AnonymousAuthenticationFilter@5767cb5b, org.springframework.security.web.session.SessionManagementFilter@e597346, org.springframework.security.web.access.ExceptionTranslationFilter@7b155888, org.springframework.security.web.access.intercept.FilterSecurityInterceptor@11b498b]
2022-07-17 14:25:05.141  INFO [BEFTN,,] 17008 --- [restartedMain] o.s.b.d.a.OptionalLiveReloadServer       : LiveReload server is running on port 35729
2022-07-17 14:25:05.260  INFO [BEFTN,,] 17008 --- [restartedMain] o.s.b.a.e.web.EndpointLinksResolver      : Exposing 1 endpoint(s) beneath base path '/actuator'
2022-07-17 14:25:05.301  INFO [BEFTN,,] 17008 --- [restartedMain] o.s.b.w.embedded.tomcat.TomcatWebServer  : Tomcat started on port(s): 8090 (http) with context path ''
2022-07-17 14:25:05.338  INFO [BEFTN,,] 17008 --- [restartedMain] c.j.t24.rest.api.T24RestApiApplication   : Started T24RestApiApplication in 3.396 seconds (JVM running for 11821.968)
2022-07-17 14:25:05.342  INFO [BEFTN,,] 17008 --- [restartedMain] .ConditionEvaluationDeltaLoggingListener : Condition evaluation unchanged
2022-07-17 14:25:38.053  INFO [BEFTN,,] 17008 --- [Thread-11] j.LocalContainerEntityManagerFactoryBean : Closing JPA EntityManagerFactory for persistence unit 'default'
2022-07-17 14:25:38.054  INFO [BEFTN,,] 17008 --- [Thread-11] com.zaxxer.hikari.HikariDataSource       : HikariPool-2 - Shutdown initiated...
2022-07-17 14:25:38.120  INFO [BEFTN,,] 17008 --- [Thread-11] com.zaxxer.hikari.HikariDataSource       : HikariPool-2 - Shutdown completed.
